// Jest Snapshot v1, https://goo.gl/fbAQLP

exports[`Renders Dropdown demo correctly 1`] = `<div />`;
