// Jest Snapshot v1, https://goo.gl/fbAQLP

exports[`Renders TabBar demo correctly 1`] = `<div />`;
