// Jest Snapshot v1, https://goo.gl/fbAQLP

exports[`Badge renders dot prop correctly 1`] = `
<span
  class="fm-badge"
>
  <span
    style="width:0.52rem;height:0.52rem;background:#ddd;display:inline-block"
  />
  <sup
    class="fm-badge-dot"
  />
</span>
`;
