// Jest Snapshot v1, https://goo.gl/fbAQLP

exports[`Renders Form demo correctly 1`] = `<div />`;
