// Jest Snapshot v1, https://goo.gl/fbAQLP

exports[`Renders Modal demo correctly 1`] = `<div />`;
