// Jest Snapshot v1, https://goo.gl/fbAQLP

exports[`Renders Flex demo correctly 1`] = `<div />`;
