// Jest Snapshot v1, https://goo.gl/fbAQLP

exports[`Renders switch demo correctly 1`] = `<div />`;
